// Jest Snapshot v1, https://goo.gl/fbAQLP

exports[`Product Card renders product card unchanged 1`] = `
<div>
  <article
    aria-label="Tarjeta de producto"
    class="max-w-[--max-card-with] dark:text-white px-4 py-3 bg-[--background-card] rounded-2xl shadow-md transition-transform hover:scale-105 flex flex-col gap-2 justify-between"
  >
    <section
      aria-label="Cabecera de tarjeta de producto"
      class="relative flex flex-col gap-1"
    >
      <img
        alt="Imagen del producto: Aceite de girasol Cocinero ecobotella 900 cc."
        class="rounded-2xl"
        data-nimg="1"
        decoding="async"
        height="300"
        loading="lazy"
        src="/_next/image?url=https%3A%2F%2Fcarrefourar.vtexassets.com%2Farquivos%2Fids%2F422953-1200-auto%3Fv%3D638373948257230000%26width%3D1200%26height%3Dauto%26aspect%3Dtrue&w=640&q=75"
        srcset="/_next/image?url=https%3A%2F%2Fcarrefourar.vtexassets.com%2Farquivos%2Fids%2F422953-1200-auto%3Fv%3D638373948257230000%26width%3D1200%26height%3Dauto%26aspect%3Dtrue&w=384&q=75 1x, /_next/image?url=https%3A%2F%2Fcarrefourar.vtexassets.com%2Farquivos%2Fids%2F422953-1200-auto%3Fv%3D638373948257230000%26width%3D1200%26height%3Dauto%26aspect%3Dtrue&w=640&q=75 2x"
        style="color: transparent;"
        width="300"
      />
      <span
        aria-label="Faja informativa de producto"
        class="absolute flex bottom-20 left-0 w-full h-6 bg-rose-800 z-10 opacity-95 text-xs justify-center items-center unselectable"
      >
        Aumento del 
        18
        % en la última jornada
      </span>
      <a
        aria-label="Ir a la pagina web del producto"
        class="rounded-md p-2 flex items-center justify-center bg-[--color-primary] shadow-sm text-white absolute w-fit rounded-md top-3 right-3 false flex flex-row gap-1"
        href="https://www.carrefour.com.ar/aceite-de-girasol-cocinero-ecobotella-900-cc-732610/p"
        target="_blank"
      >
        <i>
          <svg
            aria-hidden="true"
            fill="none"
            height="20"
            stroke="currentColor"
            stroke-width="2"
            viewBox="0 0 24 24"
            width="20"
            xmlns="http://www.w3.org/2000/svg"
          >
            <path
              d="M10 6H6a2 2 0 00-2 2v10a2 2 0 002 2h10a2 2 0 002-2v-4M14 4h6m0 0v6m0-6L10 14"
              stroke-linecap="round"
              stroke-linejoin="round"
            />
          </svg>
        </i>
      </a>
    </section>
    <section
      aria-label="Cuerpo con información de la tarjeta de producto"
      class="flex flex-col gap-1 h-full justify-between"
    >
      <h2
        aria-label="Título de producto"
        class="font-medium"
      >
        Aceite de girasol Cocinero ecobotella 900 cc.
      </h2>
      <div>
        <div
          class="flex gap-4 text-xs justify-between"
        >
          <span
            class="uppercase"
          >
            carrefour
          </span>
          <span
            class="uppercase"
          >
            Almacén
          </span>
        </div>
        <div
          class="flex gap-4"
        >
          <section
            class="flex gap-4 items-center justify-between w-full"
          >
            <span
              class="font-medium"
            >
              Precio:
            </span>
            <span
              aria-label="Precio anterior"
              class="font-medium text-sm line-through text-[--color-text-disabled]"
              data-testid="Precio"
            >
              $10.99
            </span>
            <span
              aria-label="Precio de promoción del producto"
              class="font-bold text-sm text-[--color-discount]"
              data-testid="Precio"
            >
              $8.99
            </span>
          </section>
        </div>
      </div>
    </section>
    <section
      aria-label="Pie de tarjeta de producto"
      class="flex flex-col gap-1"
    >
      <a
        class="rounded-md px-4 py-2 flex items-center justify-center bg-[--color-primary] shadow-sm text-white undefined w-full flex flex-row gap-1"
        href="/product/1"
        target="_blank"
      >
        <span>
          Ver estadísticas
        </span>
      </a>
    </section>
  </article>
</div>
`;
